https://youtu.be/2mc2B8NZhvY?si=VSTILwGTjq2IrYip
https://www.youtube.com/watch?v=pmWEePmqdLk
https://www.youtube.com/watch?v=TQHW7gGjrCQ
https://youtu.be/8LwveoDO_M8?si=w10lGLBEqdtm2X08
https://www.youtube.com/watch?v=0-gQ0G2242A
https://www.youtube.com/watch?v=jSjOO0ekQ20
https://youtu.be/6qd8QDIg21I?si=RFCTTl5_vlQa3Td8
https://youtu.be/6eJilXi33to?si=VQufZjzwsJK4EgDQ
https://youtu.be/7tzentBmmUc?si=muRr_Jk7Jj_Pe6vg
https://youtu.be/QgjkjsqAzvo?si=j_dUyt1MJA1IBjcg
https://youtu.be/pxVAxVdwo_k?si=RXmdHxk6EUH11cEo
https://youtu.be/p80VyQ5wLvg?si=1dk0NlM_mbWEy-c6
https://youtu.be/6eNn59XvcgU?si=IoK113KT9sUkd-Ph
https://youtu.be/uMymGNAp_2g?si=cq-Lmq-h18c1ncxE
https://youtu.be/RchitsyoSbY?si=ECp6YtlpSbIABEkw
https://youtu.be/ySEXdq9evnw?si=RHLc9MF5XFEoKuN7
https://youtu.be/1qWpjZJ4foY?si=eL5gLfiveg0j6DCy
https://www.youtube.com/watch?v=qC6ZI4KYlEQ
https://youtu.be/dNnlYbndfV4?si=uqRxwn0gsbz8-3WE
https://youtu.be/oS5b-JSM9FY?si=4iYIIKZXthyOvXHE
https://youtu.be/hXBgSCFOpPg?si=MS4PR1k54Efa8d1l
https://youtu.be/1PD7dkaGqFg?si=I4bjRIvAGJyovfXF
https://www.youtube.com/watch?v=5c5P8YQeymI
https://youtu.be/UIDwl_kP2MU?si=U4pB6z6KsZE-hqEL
https://youtu.be/jQfVn2zakKQ?si=7D2ODmsrXSfhDgkK
https://youtu.be/jtO9JrKyM88?si=mCeDkJeLhtPIgXHP
https://youtu.be/wIQqiS4Wwi0?si=6YJirnAOiQUM8SiK
https://youtu.be/Osa53-RYBk4?si=MtWljoUcIO6mpjju
https://youtu.be/WChxbBSlWnQ?si=iBGo8aaVXl-VhYOP
https://youtu.be/zpOEDKGVcxA?si=TUNprA6-Or_2vl-x